2026-05-07 20:11:53 - extract_text - INFO - Starting extraction for 3 files...
2026-05-07 20:11:53 - extract_text - INFO -   - Skipping Banchiaymolu Adera  2023.pdf (already extracted)
2026-05-07 20:11:53 - extract_text - INFO -   - Skipping Ermias Tsegu  2023.pdf (already extracted)
2026-05-07 20:11:53 - extract_text - INFO -   - Skipping Zenebe Kassie  2023.pdf (already extracted)
2026-05-07 20:11:53 - extract_text - INFO - Extraction completed.
2026-05-07 20:57:07 - extract_text - INFO - Starting extraction for 3 files...
2026-05-07 20:57:07 - extract_text - INFO -   - Skipping Banchiaymolu Adera  2023.pdf (already extracted)
2026-05-07 20:57:07 - extract_text - INFO -   - Skipping Ermias Tsegu  2023.pdf (already extracted)
2026-05-07 20:57:07 - extract_text - INFO -   - Skipping Zenebe Kassie  2023.pdf (already extracted)
2026-05-07 20:57:07 - extract_text - INFO - Extraction completed.
2026-05-07 21:00:48 - extract_text - INFO - Starting extraction for 3 files...
2026-05-07 21:00:48 - extract_text - INFO -   - Skipping Banchiaymolu Adera  2023.pdf (already extracted)
2026-05-07 21:00:48 - extract_text - INFO -   - Skipping Ermias Tsegu  2023.pdf (already extracted)
2026-05-07 21:00:48 - extract_text - INFO -   - Skipping Zenebe Kassie  2023.pdf (already extracted)
2026-05-07 21:00:48 - extract_text - INFO - Extraction completed.
2026-05-07 21:20:36 - extract_text - INFO - Starting extraction for 3 files...
2026-05-07 21:20:36 - extract_text - INFO -   - Skipping Banchiaymolu Adera  2023.pdf (already extracted)
2026-05-07 21:20:36 - extract_text - INFO -   - Skipping Ermias Tsegu  2023.pdf (already extracted)
2026-05-07 21:20:36 - extract_text - INFO -   - Skipping Zenebe Kassie  2023.pdf (already extracted)
2026-05-07 21:20:36 - extract_text - INFO - Extraction completed.
